id_col,column_to_encode,is_column_to_encode_A,is_column_to_encode_B
1,A,1,0
2,B,0,1
3,C,0,0
4,D,0,0
5,C,0,0
4,A,1,0
7,A,1,0
8,C,0,0
9,C,0,0
10,A,1,0
